
> pretext-pdf@0.9.1 test
> npm run test:contract && npm run test:unit && npm run test:e2e && npm run test:phases && npm run test:2f


> pretext-pdf@0.9.1 test:contract
> tsx --test test/pretext-api-contract.test.ts

✔ pretext: module exports prepareWithSegments function (96.7349ms)
✔ pretext: module exports layoutWithLines function (7.4924ms)
✔ pretext: prepareWithSegments has correct arity (accepts array argument) (13.3979ms)
✔ pretext: layoutWithLines has correct arity (accepts prepared + width + height) (1.5718ms)
ℹ tests 4
ℹ suites 0
ℹ pass 4
ℹ fail 0
ℹ cancelled 0
ℹ skipped 0
ℹ todo 0
ℹ duration_ms 870.465

> pretext-pdf@0.9.1 test:unit
> cross-env NODE_OPTIONS=--max-old-space-size=4096 tsx --test test/validate.test.ts test/builder.test.ts test/rich-text.test.ts

▶ Builder API (5B.1)
  ▶ Chainability
    ✔ addText() returns builder (chainable) (5.0298ms)
    ✔ addHeading() returns builder (0.404ms)
    ✔ addTable() returns builder (0.2912ms)
    ✔ addImage() returns builder (0.3505ms)
    ✔ addList() returns builder (0.3063ms)
    ✔ addCode() returns builder (0.3338ms)
    ✔ addRichText() returns builder (0.3047ms)
    ✔ addBlockquote() returns builder (0.2524ms)
    ✔ addHr() returns builder (0.3683ms)
    ✔ addSpacer() returns builder (0.4424ms)
    ✔ addPageBreak() returns builder (0.3087ms)
    ✔ all methods chain together (0.2569ms)
  ✔ Chainability (10.8638ms)
  ▶ Document accumulation
    ✔ toDocument() returns PdfDocument with accumulated content (0.7343ms)
    ✔ empty builder produces empty content array (1.168ms)
    ✔ content elements preserve type and text (0.3136ms)
    ✔ heading defaults level to 1 when not specified (0.2652ms)
    ✔ heading level respects opts parameter (0.1742ms)
  ✔ Document accumulation (2.9768ms)
  ▶ Options propagation
    ✔ pageSize propagates to document (0.2975ms)
    ✔ margins propagate to document (0.1831ms)
    ✔ defaultFont propagates to document (0.1583ms)
    ✔ defaultFontSize propagates to document (0.1571ms)
    ✔ defaultLineHeight propagates to document (0.1638ms)
    ✔ metadata propagates to document (0.2252ms)
    ✔ header propagates to document (0.178ms)
    ✔ footer propagates to document (0.179ms)
  ✔ Options propagation (1.9548ms)
  ▶ Element options
    ✔ addText() applies options (0.2874ms)
    ✔ addHeading() applies options (0.1959ms)
    ✔ addBlockquote() applies options (0.1849ms)
  ✔ Element options (0.8603ms)
  ▶ PDF generation
    ✔ build() returns Promise<Uint8Array> (480.3595ms)
    ✔ minimal builder with single element produces valid PDF (100.8888ms)
    ✔ complex document produces valid PDF (215.5624ms)
    ✔ rich text element renders to PDF (143.0451ms)
  ✔ PDF generation (940.5037ms)
  ▶ Integration with render()
    ✔ toDocument() + render() produces identical PDF to build() (328.1938ms)
  ✔ Integration with render() (328.4712ms)
✔ Builder API (5B.1) (1286.8261ms)
▶ rich-text — single span
  ✔ short single span fits on one line (103.7996ms)
  ✔ long single span wraps to multiple lines (10.4806ms)
  ✔ each line totalWidth is <= contentWidth (14.8266ms)
✔ rich-text — single span (130.6189ms)
▶ rich-text — multiple spans
  ✔ two spans on same line produce two fragments (3.1953ms)
  ✔ fragments preserve correct font keys for bold vs normal (13.4519ms)
  ✔ colored span has correct color in fragment (13.8808ms)
  ✔ default color is #000000 (4.5306ms)
✔ rich-text — multiple spans (35.7171ms)
▶ rich-text — hard breaks
  ✔ \n produces a new line (1.3481ms)
  ✔ \n\n produces a blank line between content (1.2867ms)
  ✔ \n at end of span does not produce extra trailing line (0.987ms)
✔ rich-text — hard breaks (4.1371ms)
▶ rich-text — alignment
  ✔ left alignment: first fragment x is 0 (0.6779ms)
  ✔ center alignment: first fragment x > 0 for short text (0.3917ms)
  ✔ right alignment: first fragment x > center alignment x (0.3955ms)
  ✔ alignment offset is never negative (0.6354ms)
✔ rich-text — alignment (2.4027ms)
▶ rich-text — edge cases
  ✔ single word span produces one fragment on one line (0.4871ms)
  ✔ multiple spans with same font key may be merged (0.969ms)
  ✔ very narrow contentWidth forces one word per line (0.6755ms)
✔ rich-text — edge cases (2.5039ms)
▶ rich-text — whitespace preservation (v0.8.2 fix)
  ✔ trailing whitespace contributes a positive width delta (no overlap) (0.9967ms)
  ✔ whitespace-only span between two content spans contributes a gap (1.3831ms)
  ✔ leading whitespace as the very first token of a block is preserved (0.9679ms)
  ✔ leading-space span is not stripped after a hard break (1.6744ms)
  ✔ "Founder & CEO" → "Antigravity Systems" — no fragment overlap (3.8376ms)
  ✔ zero-width non-whitespace token (ZWJ) is preserved in fragment list (2.2624ms)
✔ rich-text — whitespace preservation (v0.8.2 fix) (11.5898ms)
▶ validate — content array
  ✔ throws VALIDATION_ERROR for empty content (226.2493ms)
  ✔ throws VALIDATION_ERROR for non-array content (0.3149ms)
✔ validate — content array (229.2676ms)
▶ validate — page sizes
  ✔ page size 'A4' is accepted (253.3732ms)
  ✔ page size 'Letter' is accepted (92.8314ms)
  ✔ page size 'Legal' is accepted (114.0935ms)
  ✔ page size 'A3' is accepted (103.0367ms)
  ✔ page size 'A5' is accepted (95.1973ms)
  ✔ page size 'Tabloid' is accepted (67.0655ms)
  ✔ custom [width, height] page size is accepted (109.7595ms)
  ✔ throws PAGE_TOO_SMALL when margins exceed page width (0.8271ms)
  ✔ throws VALIDATION_ERROR for negative margin values (0.5661ms)
✔ validate — page sizes (838.1987ms)
▶ validate — paragraph
  ✔ throws VALIDATION_ERROR for non-string text (0.6218ms)
  ✔ accepts Arabic RTL text (now supported) (241.9674ms)
  ✔ throws VALIDATION_ERROR for invalid hex color (0.5068ms)
  ✔ throws VALIDATION_ERROR for negative spaceAfter (0.37ms)
  ✔ throws VALIDATION_ERROR for zero fontSize (0.3413ms)
  ✔ throws VALIDATION_ERROR for lineHeight less than fontSize (0.3749ms)
  ✔ accepts lineHeight equal to fontSize (tight but valid) (113.5343ms)
  ✔ throws VALIDATION_ERROR for lineHeight less than default fontSize (12pt) when fontSize not set (0.5581ms)
  ✔ throws FONT_NOT_LOADED for paragraph fontWeight:700 when 700 variant not in doc.fonts (0.4289ms)
  ✔ paragraph fontWeight:700 with bundled Inter is valid (117.3975ms)
✔ validate — paragraph (476.9216ms)
▶ validate — heading
  ✔ throws VALIDATION_ERROR for invalid level (0.4538ms)
  ✔ accepts all valid heading levels (436.6885ms)
  ✔ throws VALIDATION_ERROR for negative spaceAfter on heading (0.7273ms)
✔ validate — heading (438.153ms)
▶ validate — code block
  ✔ throws MONOSPACE_FONT_REQUIRED when fontFamily omitted (0.5526ms)
  ✔ throws MONOSPACE_FONT_REQUIRED for unknown font family (0.4645ms)
  ✔ throws VALIDATION_ERROR for empty text (0.4557ms)
  ✔ accepts code block with bundled font (126.3329ms)
✔ validate — code block (128.2471ms)
▶ validate — rich-paragraph
  ✔ throws VALIDATION_ERROR for empty spans array (0.6635ms)
  ✔ throws VALIDATION_ERROR for empty string span text (0.4413ms)
  ✔ accepts whitespace-only span (valid space between styled runs) (171.6061ms)
  ✔ accepts RTL span (now supported) (106.7212ms)
  ✔ throws VALIDATION_ERROR for invalid color in span (0.6849ms)
  ✔ throws ITALIC_FONT_NOT_LOADED for italic span without font (0.4309ms)
  ✔ throws VALIDATION_ERROR for invalid fontWeight (0.4812ms)
  ✔ throws VALIDATION_ERROR for negative spaceBefore (0.49ms)
  ✔ accepts spaceBefore: 0 on rich-paragraph (80.6238ms)
✔ validate — rich-paragraph (362.9648ms)
▶ validate — font references
  ✔ throws FONT_NOT_LOADED for unknown defaultFont (0.6068ms)
  ✔ throws FONT_NOT_LOADED for unknown paragraph fontFamily (0.3998ms)
  ✔ throws FONT_NOT_LOADED for unknown header fontFamily (0.3793ms)
  ✔ throws FONT_NOT_LOADED for unknown rich-paragraph span fontFamily (0.3847ms)
  ✔ Inter (bundled) is always accepted as defaultFont (81.9628ms)
  ✔ header with fontWeight:700 accepted when 700 variant is available (Inter bundled) (138.6394ms)
  ✔ footer with fontWeight:700 accepted when using bundled Inter (146.0163ms)
✔ validate — font references (368.9059ms)
▶ validate — table
  ✔ throws COLSPAN_OVERFLOW for column count mismatch (colspan enabled) (0.6675ms)
  ✔ throws TABLE_COLUMN_OVERFLOW for fixed columns exceeding content width (33.9ms)
  ✔ accepts auto-width columns (113.8027ms)
  ✔ throws VALIDATION_ERROR for table with zero fontSize (0.5189ms)
  ✔ throws VALIDATION_ERROR for table with negative fontSize (0.3572ms)
  ✔ throws VALIDATION_ERROR for negative spaceAfter on table (0.3591ms)
  ✔ throws VALIDATION_ERROR for negative spaceBefore on table (0.4109ms)
  ✔ throws COLSPAN_OVERFLOW when colspan sum > column count (0.3402ms)
  ✔ accepts valid colspan in a row (73.9887ms)
  ✔ throws VALIDATION_ERROR for non-positive colspan (0.5433ms)
  ✔ throws VALIDATION_ERROR for non-integer colspan (0.418ms)
✔ validate — table (225.8505ms)
▶ validate — image
  ✔ throws VALIDATION_ERROR for invalid format (0.4531ms)
  ✔ accepts format: auto (default) — missing file is skipped gracefully (19.3051ms)
  ✔ corrupt PNG (magic bytes only) is skipped gracefully with warning (34.1348ms)
  ✔ corrupt JPEG (magic bytes only) is skipped gracefully with warning (36.5185ms)
  ✔ throws VALIDATION_ERROR for negative spaceAfter on image (0.4658ms)
  ✔ throws VALIDATION_ERROR for negative spaceBefore on image (0.3164ms)
✔ validate — image (91.5599ms)
▶ validate — unknown element type
  ✔ throws VALIDATION_ERROR for unknown element type (0.3861ms)
✔ validate — unknown element type (0.4699ms)
▶ validate — list (gap fill)
  ✔ throws VALIDATION_ERROR for invalid style (0.3617ms)
  ✔ throws VALIDATION_ERROR for empty items array (0.2764ms)
  ✔ throws VALIDATION_ERROR for empty item text (0.2531ms)
  ✔ throws VALIDATION_ERROR for invalid item color (0.2859ms)
  ✔ throws VALIDATION_ERROR for negative indent (0.2937ms)
  ✔ throws VALIDATION_ERROR for invalid fontWeight on list item (0.301ms)
  ✔ accepts list item with fontWeight: 700 (109.5592ms)
✔ validate — list (gap fill) (111.6055ms)
▶ validate — hr (gap fill)
  ✔ throws VALIDATION_ERROR for negative thickness (0.4227ms)
  ✔ throws VALIDATION_ERROR for invalid color (0.2857ms)
  ✔ throws VALIDATION_ERROR for negative spaceAbove (0.2485ms)
  ✔ accepts hr with all defaults (30.6892ms)
✔ validate — hr (gap fill) (31.9091ms)
▶ validate — spacer (gap fill)
  ✔ throws VALIDATION_ERROR for negative height (0.4786ms)
  ✔ throws VALIDATION_ERROR for NaN height (0.248ms)
  ✔ accepts spacer with zero height (33.5969ms)
✔ validate — spacer (gap fill) (34.5781ms)
▶ validate — heading 5A.1 fields
  ✔ throws VALIDATION_ERROR for invalid fontWeight on heading (0.49ms)
  ✔ throws VALIDATION_ERROR for zero fontSize on heading (0.2962ms)
  ✔ throws VALIDATION_ERROR for invalid align on heading (0.2733ms)
  ✔ throws VALIDATION_ERROR for negative spaceBefore on heading (0.2805ms)
  ✔ accepts heading with all new fields set (81.91ms)
  ✔ throws FONT_NOT_LOADED for heading with unknown fontFamily (0.4719ms)
✔ validate — heading 5A.1 fields (84.0505ms)
▶ validate — paragraph bgColor (5A.4)
  ✔ throws VALIDATION_ERROR for invalid bgColor (0.3818ms)
  ✔ accepts paragraph with valid bgColor (63.6962ms)
  ✔ throws VALIDATION_ERROR for negative spaceBefore on paragraph (0.5742ms)
✔ validate — paragraph bgColor (5A.4) (64.8978ms)
▶ validate — TableCell fontFamily (5A.3)
  ✔ throws VALIDATION_ERROR for empty fontFamily on cell (0.4415ms)
  ✔ throws FONT_NOT_LOADED for unknown cell fontFamily (0.2688ms)
✔ validate — TableCell fontFamily (5A.3) (0.8076ms)
▶ validate — HeaderFooterSpec color (5A.5)
  ✔ throws VALIDATION_ERROR for invalid header color (0.1952ms)
  ✔ accepts header with valid color (71.149ms)
✔ validate — HeaderFooterSpec color (5A.5) (71.5296ms)
▶ validate — blockquote (5A.8)
  ✔ throws VALIDATION_ERROR for empty text (0.6066ms)
  ✔ throws VALIDATION_ERROR for invalid borderColor (0.4145ms)
  ✔ throws VALIDATION_ERROR for invalid bgColor (0.4333ms)
  ✔ throws VALIDATION_ERROR for negative borderWidth (0.4243ms)
  ✔ throws VALIDATION_ERROR for negative paddingV (0.4062ms)
  ✔ throws VALIDATION_ERROR for invalid align (0.3169ms)
  ✔ accepts RTL blockquote text (now supported) (74.5556ms)
  ✔ throws FONT_NOT_LOADED for unknown fontFamily (0.5218ms)
  ✔ accepts blockquote with all defaults (63.8654ms)
  ✔ accepts blockquote with all custom fields (53.3422ms)
✔ validate — blockquote (5A.8) (195.3876ms)
▶ Phase 10 — Wave 2: numeric bounds validation
  ✔ throws VALIDATION_ERROR for paragraph fontSize > 500 (0.4111ms)
  ✔ throws VALIDATION_ERROR for heading fontSize > 500 (0.2311ms)
  ✔ throws VALIDATION_ERROR for paragraph lineHeight > 20 (0.3016ms)
  ✔ throws VALIDATION_ERROR for heading lineHeight > 20 (0.2712ms)
  ✔ throws VALIDATION_ERROR for paragraph letterSpacing > 200 (0.2106ms)
  ✔ throws VALIDATION_ERROR for heading letterSpacing > 200 (0.2185ms)
✔ Phase 10 — Wave 2: numeric bounds validation (1.9319ms)
▶ Phase 10 — Wave 2: heading empty text
  ✔ throws VALIDATION_ERROR for heading with empty text string (0.2468ms)
  ✔ throws VALIDATION_ERROR for heading with whitespace-only text (0.1896ms)
✔ Phase 10 — Wave 2: heading empty text (0.5332ms)
▶ Phase 10 — Wave 2: InlineSpan url + href mutual exclusivity
  ✔ throws VALIDATION_ERROR for span with both url and href (0.4674ms)
✔ Phase 10 — Wave 2: InlineSpan url + href mutual exclusivity (0.5286ms)
▶ Phase 10 — Wave 2: rich-paragraph dir and letterSpacing validation
  ✔ throws VALIDATION_ERROR for rich-paragraph with invalid dir (0.376ms)
  ✔ throws VALIDATION_ERROR for rich-paragraph with letterSpacing > 200 (0.2922ms)
✔ Phase 10 — Wave 2: rich-paragraph dir and letterSpacing validation (0.7486ms)
▶ Phase 10 — Wave 2: builder validates via render()
  ✔ render() with empty heading text throws VALIDATION_ERROR (0.3243ms)
✔ Phase 10 — Wave 2: builder validates via render() (0.384ms)
▶ Phase 10 — Wave 2: ordered list with 15 items smoke test
  ✔ ordered list with 15 items renders successfully (115.2227ms)
✔ Phase 10 — Wave 2: ordered list with 15 items smoke test (115.4438ms)
▶ Phase 10 — Wave 2: defaultParagraphStyle
  ✔ doc with defaultParagraphStyle.fontSize = 14 renders successfully (77.4659ms)
✔ Phase 10 — Wave 2: defaultParagraphStyle (77.7283ms)
▶ Phase 10 — Wave 2: doc.sections
  ✔ doc with sections renders successfully (72.2663ms)
  ✔ throws VALIDATION_ERROR for section with fromPage: 0 (0.4791ms)
  ✔ throws VALIDATION_ERROR for section with fromPage > toPage (0.2524ms)
✔ Phase 10 — Wave 2: doc.sections (73.2247ms)
▶ Phase 10 — Wave 2: tabularNumbers on rich-paragraph
  ✔ rich-paragraph with tabularNumbers: true renders without error (76.3248ms)
✔ Phase 10 — Wave 2: tabularNumbers on rich-paragraph (76.4523ms)
ℹ tests 173
ℹ suites 40
ℹ pass 173
ℹ fail 0
ℹ cancelled 0
ℹ skipped 0
ℹ todo 0
ℹ duration_ms 7910.8526

> pretext-pdf@0.9.1 test:e2e
> tsx --test test/e2e.test.ts

▶ e2e — basic rendering
  ✔ minimal document renders valid PDF bytes (303.6951ms)
  ✔ document with heading and paragraph renders (169.2414ms)
  ✔ document with all heading levels renders (127.2505ms)
✔ e2e — basic rendering (601.2373ms)
▶ e2e — pagination
  ✔ multi-page document renders correctly (930.0567ms)
  ✔ document with header and footer on every page (645.7593ms)
✔ e2e — pagination (1576.6601ms)
▶ e2e — page sizes
  ✔ Letter page size (77.8138ms)
  ✔ custom page size (81.974ms)
✔ e2e — page sizes (160.3859ms)
▶ e2e — text options
  ✔ colored text renders (133.5957ms)
  ✔ text alignment renders (83.9383ms)
  ✔ long paragraph wraps correctly (319.6885ms)
✔ e2e — text options (537.6934ms)
▶ e2e — validation errors
  ✔ throws VALIDATION_ERROR for empty content (1.6336ms)
  ✔ throws VALIDATION_ERROR for invalid heading level (0.654ms)
  ✔ accepts Arabic RTL text (now supported) (91.6795ms)
  ✔ throws VALIDATION_ERROR for invalid hex color (0.7038ms)
  ✔ throws VALIDATION_ERROR for impossible margins (content width <= 0) (0.4417ms)
✔ e2e — validation errors (95.5801ms)
▶ e2e — tables
  ✔ simple 3-column table renders (186.5498ms)
  ✔ table with proportional and fixed columns (121.3171ms)
  ✔ table that spans multiple pages with header repetition (374.7465ms)
  ✔ table validation: throws COLSPAN_OVERFLOW when column count mismatches row cell count (0.6862ms)
  ✔ table validation: throws when fixed columns exceed content width (39.1591ms)
  ✔ table with colspan renders valid PDF (130.7371ms)
  ✔ table with complex colspan pattern renders (145.6527ms)
✔ e2e — tables (999.557ms)
▶ e2e — lists
  ✔ unordered list renders (198.1131ms)
  ✔ ordered list renders (220.9861ms)
  ✔ list with nested items renders (133.1769ms)
  ✔ list validation: throws for empty items (0.7396ms)
  ✔ list validation: throws for 2-level deep nesting (0.411ms)
✔ e2e — lists (554.0024ms)
▶ e2e — horizontal rules
  ✔ horizontal rule renders (70.7647ms)
  ✔ styled horizontal rules render (83.9358ms)
✔ e2e — horizontal rules (155.0387ms)
▶ e2e — Phase 2 combined
  ✔ full invoice with all Phase 2 elements renders (383.4246ms)
✔ e2e — Phase 2 combined (383.6836ms)
▶ e2e — code blocks
  ✔ code block with bundled font renders valid PDF (142.3721ms)
  ✔ code block validation: throws MONOSPACE_FONT_REQUIRED without fontFamily (0.7729ms)
  ✔ code block validation: throws MONOSPACE_FONT_REQUIRED for unknown fontFamily (0.5632ms)
  ✔ code block with styled options renders (87.792ms)
✔ e2e — code blocks (231.945ms)
▶ e2e — rich text (rich-paragraph)
  ✔ rich-paragraph with bold and colored spans renders (209.9969ms)
  ✔ rich-paragraph validation: throws ITALIC_FONT_NOT_LOADED for italic without font (0.7241ms)
  ✔ rich-paragraph multi-line wrapping renders correctly (168.4615ms)
  ✔ rich-paragraph validation: throws for empty spans array (0.664ms)
  ✔ rich-paragraph validation: accepts Arabic RTL span (now supported) (76.6893ms)
  ✔ rich-paragraph validation: throws for invalid color in span (0.5448ms)
✔ e2e — rich text (rich-paragraph) (457.5092ms)
▶ e2e — page break
  ✔ page-break between content forces new page (71.4507ms)
  ✔ page-break at end of document does not create trailing blank page (147.1339ms)
  ✔ consecutive page-breaks do not create multiple blank pages (73.0267ms)
✔ e2e — page break (291.9796ms)
▶ e2e — document metadata
  ✔ document with full metadata renders valid PDF (147.5813ms)
  ✔ document with partial metadata renders valid PDF (98.0784ms)
✔ e2e — document metadata (246.1072ms)
▶ e2e — auto-width table columns
  ✔ table with auto-width column renders valid PDF (202.1507ms)
  ✔ table with mixed fixed, star, and auto columns renders (166.8535ms)
  ✔ document with unreachable image URL skips gracefully (no crash) (199.0512ms)
✔ e2e — auto-width table columns (568.6874ms)
ℹ tests 48
ℹ suites 14
ℹ pass 48
ℹ fail 0
ℹ cancelled 0
ℹ skipped 0
ℹ todo 0
ℹ duration_ms 8633.2429

> pretext-pdf@0.9.1 test:phases
> tsx --test test/phase-4-footnotes.test.ts test/phase-5-image-float.test.ts test/phase-7a.test.ts test/phase-7b.test.ts test/phase-7c.test.ts test/phase-7d-toc.test.ts test/phase-7e-svg.test.ts test/phase-7f-rtl.test.ts test/phase-7g.test.ts test/phase-7-integration.test.ts test/phase-8g-hyperlinks.test.ts test/phase-8h-inline-formatting.test.ts test/phase-8a-annotations.test.ts test/phase-8c-assembly.test.ts test/phase-8f-metadata.test.ts test/phase-8e-signatures.test.ts test/phase-8b-forms.test.ts test/phase-8d-callout.test.ts test/phase-9a-crypto-signatures.test.ts test/phase-9b-float-groups.test.ts test/phase-9c-font-subsetting.test.ts test/phase-2-performance.test.ts test/phase-3-signatures.test.ts test/phase-11-enhancements.test.ts test/phase-10a-qr-barcode.test.ts test/phase-10b-charts.test.ts test/phase-10c-markdown.test.ts test/phase-10d-templates.test.ts test/v0.8.3-ssrf.test.ts test/v0.9.0-features.test.ts

▶ Phase 10A — QR Code + Barcode
  ✔ qr-code: missing data throws VALIDATION_ERROR (536.2191ms)
  ✔ qr-code: data over 2953 chars throws VALIDATION_ERROR (0.6281ms)
  ✔ qr-code: invalid errorCorrectionLevel throws VALIDATION_ERROR (0.4836ms)
  ✔ qr-code: invalid foreground colour throws VALIDATION_ERROR (0.5226ms)
  ✔ qr-code: invalid size throws VALIDATION_ERROR (0.4188ms)
  ✔ qr-code: renders URL as PDF (844.7137ms)
  ✔ qr-code: renders with custom size and colours (182.8969ms)
  ✔ qr-code: renders alongside other elements (587.9711ms)
  ✔ barcode: missing symbology throws VALIDATION_ERROR (0.6884ms)
  ✔ barcode: missing data throws VALIDATION_ERROR (0.4734ms)
  ✔ barcode: invalid width throws VALIDATION_ERROR (0.4102ms)
  ✔ barcode: EAN-13 renders as PDF (346.6526ms)
  ✔ barcode: Code128 renders as PDF (138.1175ms)
  ✔ barcode: PDF417 renders as PDF (111.1864ms)
  ✔ barcode: unknown symbology throws BARCODE_SYMBOLOGY_INVALID (31.7249ms)
  ✔ barcode: renders alongside QR code in invoice layout (417.8575ms)
✔ Phase 10A — QR Code + Barcode (3206.871ms)
▶ Phase 10B — Chart (vega-lite)
  ✔ chart: spec is required (missing throws VALIDATION_ERROR) (405.1361ms)
  ✔ chart: spec as array throws VALIDATION_ERROR (0.5343ms)
  ✔ chart: invalid width throws VALIDATION_ERROR (0.4873ms)
  ✔ chart: invalid height throws VALIDATION_ERROR (0.4154ms)
  ✔ chart: bar chart renders as PDF (12939.9216ms)
  ✔ chart: line chart renders as PDF (508.008ms)
  ✔ chart: pie/arc chart renders as PDF (305.9439ms)
  ✔ chart: renders alongside text in invoice layout (828.8472ms)
  ✔ chart: invalid vega-lite spec throws CHART_SPEC_INVALID (39.1205ms)
✔ Phase 10B — Chart (vega-lite) (15033.8518ms)
▶ Phase 10C — Markdown utility
  ✔ markdown: heading h1-h4 converts to HeadingElement (78.5879ms)
  ✔ markdown: plain paragraph converts to ParagraphElement (22.6463ms)
  ✔ markdown: paragraph with bold/italic converts to RichParagraphElement (36.2099ms)
  ✔ markdown: link in paragraph converts to InlineSpan with href (16.6839ms)
  ✔ markdown: unordered list converts to ListElement with style unordered (15.005ms)
  ✔ markdown: ordered list converts to ListElement with style ordered (16.1765ms)
  ✔ markdown: nested list converts to ListItem.items (max 2 levels) (14.5589ms)
  ✔ markdown: blockquote converts to BlockquoteElement (15.2859ms)
  ✔ markdown: hr converts to HrElement (16.7612ms)
  ✔ markdown: fenced code without codeFontFamily becomes ParagraphElement (11.8692ms)
  ✔ markdown: space tokens are dropped (no empty elements) (17.3697ms)
  ✔ markdown: full doc renders as valid PDF (1814.072ms)
  ✔ markdown: renders with heading and paragraph interspersed with other elements (341.42ms)
  ✔ markdown: del token content is preserved as plain spans (8.3222ms)
  ✔ markdown: escape token emits literal character (10.2014ms)
  ✔ markdown: br token produces a space between inline content (1.4572ms)
  ✔ markdown: inline image emits alt text as span (13.2764ms)
  ✔ markdown: list item with bold text strips markdown syntax (1.6294ms)
  ✔ markdown: 3-level nested list preserves all content (v0.8.3 fix) (9.2813ms)
  ✔ markdown: list item with paragraph-typed content preserves text (v0.8.3 fix) (8.7497ms)
✔ Phase 10C — Markdown utility (2475.7814ms)
▶ Phase 10D — Templates
  ✔ invoice: generates content elements (2.1874ms)
  ✔ invoice: renders as valid PDF (1974.091ms)
  ✔ invoice: includes QR code when qrData provided (0.6221ms)
  ✔ invoice: no QR code when qrData omitted (7.7197ms)
  ✔ gst invoice: renders as valid PDF (1211.9461ms)
  ✔ gst invoice: auto-detects inter-state from different supplier/buyer states (0.6321ms)
  ✔ gst invoice: intra-state shows CGST+SGST columns (0.5282ms)
  ✔ report: generates expected structure (0.6058ms)
  ✔ gst invoice: amountInWords returns "Rupees Zero Only" for zero-value invoice (10.0078ms)
  ✔ gst invoice: sub-rupee total renders without double-space (v0.8.3 fix) (0.8529ms)
  ✔ report: renders as valid PDF (392.2134ms)
✔ Phase 10D — Templates (3606.1811ms)
▶ Phase 11 — Cross-cutting Enhancements
  ✔ smallCaps span in rich-paragraph renders without error (1134.0021ms)
  ✔ letterSpacing span in rich-paragraph renders without error (219.4612ms)
  ✔ tabularNumbers on rich-paragraph aligns digits (163.6353ms)
  ✔ smallCaps + letterSpacing combined in same paragraph renders (220.9185ms)
  ✔ {{date}} token in header resolves to ISO date (170.7408ms)
  ✔ {{author}} token in footer resolves from metadata (159.3805ms)
  ✔ renderDate as string sets PDF creation date without error (111.9199ms)
  ✔ createFootnoteSet generates unique IDs per call (0.5278ms)
  ✔ onFormFieldError callback accepted — valid form renders without error (307.7474ms)
  ✔ onFormFieldError: render with multiple unique fields succeeds (184.1449ms)
  ✔ floatSpans renders rich text beside float image (153.5149ms)
  ✔ floatSpans with letterSpacing renders without error (128.6696ms)
  ✔ floatSpans + floatText mutual exclusion throws VALIDATION_ERROR (0.7413ms)
  ✔ 2-level nested list renders without error (165.0895ms)
  ✔ 2-level ordered nested list renders without error (159.7684ms)
  ✔ table with rowspan=2 renders without error (195.5381ms)
  ✔ table with rowspan and bgColor renders without error (133.6934ms)
[pretext-pdf] Image embed failed: key "img-1" (format: 'png')
  ✔ 2-level ordered list with nestedNumberingStyle restart renders (191.0807ms)
  ✔ onImageLoadError skip — invalid image bytes skips without crash (112.1138ms)
  ✔ onImageLoadError throw — invalid image bytes propagates error (5.2435ms)
  ✔ code block without fontFamily throws MONOSPACE_FONT_REQUIRED (0.5684ms)
  ✔ table with rowspan + colspan combined renders without error (213.1782ms)
✔ Phase 11 — Cross-cutting Enhancements (4144.1558ms)
▶ Phase 2 — Performance & Correctness
  ✔ document with >10K elements warns but renders (no throw) (1141.2398ms)
  ✔ document with exactly 10K elements has no warning (363.4812ms)
  ✔ font subset pre-registration: render succeeds and produces valid PDF (545.7801ms)
  ✔ font subsetting with bold text: renders without error (455.4685ms)
  ✔ table with RTL cell renders without error (409.1329ms)
  ✔ table with mixed LTR and RTL cells renders without error (171.1144ms)
  ✔ table RTL cell with auto direction detection renders without error (175.48ms)
  ✔ table-level dir: "rtl" propagates to all cells without per-cell dir (199.3893ms)
  ✔ cell-level dir overrides table-level dir (133.3254ms)
  ✔ paragraph with 2 columns renders without error (198.7134ms)
  ✔ paragraph with 3 columns and custom gap renders without error (217.2155ms)
  ✔ heading with 2 columns renders without error (222.651ms)
  ✔ rich-paragraph with 2 columns renders without error (202.5758ms)
  ✔ multi-column paragraph with smallCaps renders without error (171.816ms)
  ✔ multi-column paragraph with letterSpacing renders without error (240.4747ms)
  ✔ multi-column paragraph with justify alignment renders without error (164.1985ms)
  ✔ multi-column paragraph with underline and strikethrough renders without error (352.8925ms)
  ✔ multi-column paragraph with tabularNumbers renders without error (178.4851ms)
  ✔ multi-column paragraph with url renders link annotation (151.684ms)
  ✔ code block with language: "javascript" renders with syntax highlighting (772.2997ms)
Could not find the language 'nonexistent_language_xyz', did you forget to load/include a language module?
  ✔ code block without language renders as plain text (no highlighting) (110.4225ms)
  ✔ code block with unknown language falls back to plain text (168.3834ms)
  ✔ code block with very long line falls back to plain text (line-wrap mismatch) (298.2143ms)
  ✔ code block with custom highlightTheme renders without error (229.7649ms)
  ✔ columns out of range (>6) throws VALIDATION_ERROR (1.1758ms)
  ✔ paragraph columns too narrow throws COLUMN_WIDTH_TOO_NARROW (98.4598ms)
✔ Phase 2 — Performance & Correctness (7378.4774ms)
▶ Phase 3 — Cryptographic Digital Signatures
  ✔ visual-only signature (no p12) still renders valid PDF (1227.4885ms)
  ✔ signature.p12 as empty string throws VALIDATION_ERROR (1.9682ms)
  ✔ signature.p12 as invalid type throws VALIDATION_ERROR (0.536ms)
  ✔ signature.passphrase as non-string throws VALIDATION_ERROR (0.578ms)
  ✔ signature.contactInfo as non-string throws VALIDATION_ERROR (0.5768ms)
  ✔ p12 + encryption together throws VALIDATION_ERROR (0.5608ms)
  ✔ non-existent p12 file path throws SIGNATURE_P12_LOAD_FAILED or SIGNATURE_DEP_MISSING (391.7438ms)
  ✔ p12 as invalid cert bytes throws an error (202.8588ms)
✔ Phase 3 — Cryptographic Digital Signatures (1830.363ms)
▶ Phase 4 — Footnotes & Endnotes
  ✔ single footnote-def + ref in rich-paragraph renders valid PDF (1431.4818ms)
  ✔ multiple footnotes on same page render without error (201.1413ms)
  ✔ footnotes on different pages render without error (172.5548ms)
  ✔ footnote-def with custom fontSize renders without error (256.8999ms)
  ✔ document with no footnotes renders normally (no regression) (208.7135ms)
  ✔ duplicate footnote-def id throws FOOTNOTE_DEF_DUPLICATE (1.34ms)
  ✔ footnoteRef with no matching def throws FOOTNOTE_REF_ORPHANED (0.4918ms)
  ✔ footnote-def with no matching ref throws FOOTNOTE_DEF_ORPHANED (0.4886ms)
  ✔ footnote-def with invalid id (contains spaces) throws VALIDATION_ERROR (0.688ms)
  ✔ footnote at exact page-break boundary renders on correct page without error (1018.8119ms)
  ✔ footnote in document with mixed element types renders without error (296.7508ms)
✔ Phase 4 — Footnotes & Endnotes (3596.4809ms)
▶ Phase 5 — Image Floats
  ✔ float-left image with floatText renders without error (1341.808ms)
  ✔ float-right image with floatText renders without error (351.3249ms)
  ✔ float with custom floatWidth and floatGap renders without error (254.2182ms)
  ✔ float with custom floatFontSize and floatColor renders without error (218.2519ms)
  ✔ float without floatText throws VALIDATION_ERROR (1.5672ms)
  ✔ floatText without float throws VALIDATION_ERROR (0.7063ms)
  ✔ invalid float value throws VALIDATION_ERROR (0.7273ms)
  ✔ float image in multi-element document renders without error (411.5064ms)
  ✔ image with bad file path throws IMAGE_LOAD_FAILED when onImageLoadError returns throw (48.9459ms)
✔ Phase 5 — Image Floats (2639.3659ms)
▶ Phase 7 — Feature Integration Tests
  ✔ Integration: TOC and Bookmarks both render together (1548.2881ms)
  ✔ Integration: Watermark and Encryption both applied (362.4256ms)
  ✔ Integration: SVG and RTL text on same page (371.1168ms)
  ✔ Integration: Hyphenation with mixed LTR and RTL text (498.9456ms)
  ✔ Integration: All Phase 7 features enabled simultaneously (482.9819ms)
✔ Phase 7 — Feature Integration Tests (3267.0696ms)
▶ Phase 7A — Bookmarks / Outlines
  ✔ document with headings produces PDF with /Outlines marker (1169.5174ms)
  ✔ doc.bookmarks = false disables outline entirely (no /Outlines marker) (364.5556ms)
  ✔ minLevel: 2 excludes H1 from outline (still renders without error) (282.957ms)
  ✔ maxLevel: 2 excludes H3/H4 from outline (still renders without error) (280.6477ms)
  ✔ heading.bookmark = false excludes that specific heading (181.7743ms)
  ✔ document with no headings renders without error (no /Outlines marker) (167.3888ms)
  ✔ nested headings H1→H2→H3→H4 produce valid PDF (285.7419ms)
  ✔ regression: existing document renders identically (bookmarks on by default) (242.9676ms)
✔ Phase 7A — Bookmarks / Outlines (2980.4915ms)
▶ Phase 7B — Watermarks
  ✔ text watermark renders PDF without error (991.4504ms)
  ✔ watermark opacity 0.1 renders (175.5027ms)
  ✔ watermark opacity 1.0 renders (fully opaque) (176.1834ms)
  ✔ watermark opacity 1.5 throws VALIDATION_ERROR (0.7364ms)
  ✔ watermark with neither text nor image throws VALIDATION_ERROR (0.3531ms)
  ✔ custom rotation renders without error (169.2855ms)
  ✔ watermark rotation 361 degrees throws WATERMARK_ROTATION_OUT_OF_RANGE (0.6216ms)
  ✔ regression: document without watermark field renders identically (266.8959ms)
✔ Phase 7B — Watermarks (1803.664ms)
✔ Phase 7C — Hyphenation: Basic smoke test — document with hyphenation renders without error (1646.0185ms)
✔ Phase 7C — Hyphenation: Long word in narrow column renders with hyphen break (299.0684ms)
✔ Phase 7C — Hyphenation: minWordLength boundary — short words not hyphenated (245.8352ms)
✔ Phase 7C — Hyphenation: leftMin/rightMin constraints — no fragments shorter than minimum (188.368ms)
✔ Phase 7C — Hyphenation: Element opt-out — hyphenate=false disables for that element only (258.0523ms)
✔ Phase 7C — Hyphenation: Unsupported language throws UNSUPPORTED_LANGUAGE error (112.5478ms)
✔ Phase 7C — Hyphenation: Multi-page document with hyphenation renders consistently (1238.7994ms)
✔ Phase 7C — Hyphenation: Regression — document without doc.hyphenation renders identically (549.0811ms)
✔ Phase 7C — Hyphenation: Unit — measureBlock() produces lines with actual hyphen characters (47.906ms)
✔ Phase 7C — Hyphenation: Unit — code blocks are never hyphenated even when hyphenatorOpts passed (35.8583ms)
▶ Phase 7D — Table of Contents
  ✔ A1: Document with { type: toc } renders valid PDF (1621.5117ms)
  ✔ A2: TOC entries match actual heading texts in document (443.8638ms)
  ✔ B1: TOC page numbers are accurate (heading on page N shows N) (290.8369ms)
  ✔ B2: TOC heading has correct offset when TOC occupies multiple pages (997.2039ms)
  ✔ C1: maxLevel: 2 excludes h3/h4 headings from TOC (341.8489ms)
  ✔ C2: minLevel: 2 excludes h1 headings from TOC (269.2161ms)
  ✔ D1: Custom title renders in TOC title line (225.8632ms)
  ✔ D2: showTitle: false hides TOC title (256.011ms)
  ✔ E1: Multi-page TOC (30+ headings) renders all entries without crashing (1153.5071ms)
  ✔ E2: Regression—document without TOC element is unchanged (179.3109ms)
✔ Phase 7D — Table of Contents (5784.3201ms)
▶ Phase 7E — SVG Support
  ✔ simple SVG circle renders to PDF without error (1473.025ms)
  ✔ SVG with viewBox auto-computes height (219.3202ms)
  ✔ SVG with explicit width and height renders (163.5495ms)
  ✔ SVG alignment center and right both render without error (461.5912ms)
  ✔ SVG with garbage string throws SVG_INVALID_MARKUP (0.8984ms)
  ✔ empty SVG string throws VALIDATION_ERROR (1.1179ms)
  ✔ SVG in multi-page document renders correctly (1677.0461ms)
  ✔ regression — regular PNG image element still renders correctly (138.4072ms)
  ✔ svg with non-existent file path throws SVG_LOAD_FAILED (23.2112ms)
✔ Phase 7E — SVG Support (4162.8096ms)
▶ Phase 7F — RTL Text Support
  ✔ Hebrew text detected as RTL (auto) (903.2386ms)
  ✔ English text detected as LTR (auto) (159.3535ms)
  ✔ Mixed Hebrew/English text renders correctly (146.4001ms)
  ✔ dir=rtl override forces RTL on English text (213.2409ms)
  ✔ dir=ltr override forces LTR on Hebrew text (105.6928ms)
  ✔ RTL paragraph defaults to right-align (129.227ms)
  ✔ RTL paragraph with align=left overrides default (178.4488ms)
  ✔ Hebrew text renders without error (133.0733ms)
  ✔ Arabic text renders without error (no glyph shaping) (145.6455ms)
  ✔ RTL text in heading renders correctly (199.2067ms)
  ✔ Mixed LTR/RTL content on same page (281.5042ms)
  ✔ Code block with RTL text stays in logical order (133.6975ms)
  ✔ Regression: All existing non-RTL tests still pass (236.0153ms)
✔ Phase 7F — RTL Text Support (2971.7255ms)
▶ Phase 7G — Encryption
  ✔ encryption with userPassword produces PDF containing /Encrypt marker (1062.6083ms)
  ✔ encryption with no userPassword (permissions only) produces /Encrypt marker (362.2157ms)
  ✔ ownerPassword empty string throws VALIDATION_ERROR (0.849ms)
  ✔ permissions.printing = false renders without error (210.0152ms)
  ✔ permissions.modifying = true renders without error (218.8493ms)
  ✔ encrypted PDF is valid (starts with %PDF) (313.4431ms)
  ✔ regression: document without encryption field renders normally (no /Encrypt marker) (276.3647ms)
✔ Phase 7G — Encryption (2458.655ms)
▶ Phase 8A — Annotations/Comments
  ✔ comment element renders without error (993.64ms)
  ✔ annotation on paragraph renders without error (242.6545ms)
  ✔ annotation on heading renders without error (183.1091ms)
  ✔ comment with custom author and color renders (97.284ms)
  ✔ annotation with all optional fields renders (127.6536ms)
  ✔ comment in multi-page doc renders without error (557.7587ms)
  ✔ missing comment contents throws VALIDATION_ERROR (0.9051ms)
  ✔ invalid annotation color throws VALIDATION_ERROR (0.6158ms)
✔ Phase 8A — Annotations/Comments (2208.8208ms)
▶ Phase 8B — Interactive Forms
  ✔ text field renders without error (1223.2069ms)
  ✔ multiline text field renders (255.815ms)
  ✔ checkbox (checked: true) renders (201.8233ms)
  ✔ radio group with 3 options renders (214.8659ms)
  ✔ dropdown with options renders (160.6072ms)
  ✔ button renders (172.8153ms)
  ✔ flattenForms: true renders flattened PDF (200.4198ms)
  ✔ duplicate field name throws FORM_FIELD_NAME_DUPLICATE (1.3864ms)
  ✔ missing field name throws VALIDATION_ERROR (0.7433ms)
  ✔ radio without options throws VALIDATION_ERROR (0.6696ms)
✔ Phase 8B — Interactive Forms (2446.5958ms)
▶ Phase 8C — Document Assembly
  ✔ merge two PDFs produces combined result (1040.1661ms)
  ✔ merge single PDF returns valid PDF (163.5253ms)
  ✔ assemble with mixed doc and pdf parts (313.6575ms)
  ✔ assemble with two docs renders both (245.128ms)
  ✔ merge empty array throws ASSEMBLY_EMPTY (0.5174ms)
  ✔ assemble empty array throws ASSEMBLY_EMPTY (0.325ms)
  ✔ assemble part with neither doc nor pdf throws VALIDATION_ERROR (0.5337ms)
  ✔ merge three PDFs produces valid result (357.3ms)
  ✔ merge with corrupt bytes throws ASSEMBLY_FAILED (0.7861ms)
✔ Phase 8C — Document Assembly (2127.3948ms)
▶ Phase 8D — Callout Boxes
  ✔ basic callout renders without error (956.513ms)
  ✔ callout with style: info renders (209.33ms)
  ✔ callout with style: warning renders (301.6626ms)
  ✔ callout with style: tip renders (158.0273ms)
  ✔ callout with style: note renders (211.016ms)
  ✔ callout with custom colors renders (234.852ms)
  ✔ callout with empty content throws VALIDATION_ERROR (1.3135ms)
  ✔ callout in multi-page document paginates correctly (45.0943ms)
  ✔ paginator places next block at height + spaceAfter (not double) (32.2041ms)
  ✔ callout block.height does not bake in spaceAfter (regression: double-counting) (4.0034ms)
  ✔ titled callout split across pages: first chunk line count accounts for titleHeight (12.5705ms)
  ✔ untitled callout splits without titleHeight reservation (35.749ms)
  ✔ split callout: continuation chunk starts at yFromTop === 0 on next page (24.7487ms)
  ✔ callout entering splitBlock mid-page (non-zero currentY) splits correctly (19.5317ms)
  ✔ paginator throws PAGINATION_FAILED when callout block is missing calloutData (4.308ms)
  ✔ paginator rejects callout with partial calloutData (non-finite fields) (4.7851ms)
  ✔ paginator rejects blockquote with partial padding fields (16.4802ms)
  ✔ paginate accepts a non-callout-only document (calloutTitleHeight non-callout path) (15.096ms)
✔ Phase 8D — Callout Boxes (2294.0412ms)
▶ Phase 8E — Signature Placeholder
  ✔ default signature box renders on last page (1250.1257ms)
  ✔ signature with signerName and reason renders (198.0555ms)
  ✔ signature with custom position and dimensions renders (181.7112ms)
  ✔ signature.page out of range clamps to last page gracefully (243.8814ms)
  ✔ signature on multi-page document renders on correct page (396.1282ms)
  ✔ signature.width <= 0 throws VALIDATION_ERROR (1.3548ms)
✔ Phase 8E — Signature Placeholder (2274.659ms)
▶ Phase 8F — Document Metadata Extensions
  ✔ metadata.language renders without error (826.8411ms)
  ✔ metadata.producer renders without error (212.0734ms)
  ✔ both language and producer render together (238.608ms)
  ✔ empty language string throws VALIDATION_ERROR (1.1312ms)
  ✔ empty producer string throws VALIDATION_ERROR (0.3705ms)
✔ Phase 8F — Document Metadata Extensions (1282.6699ms)
▶ Phase 8G — Hyperlinks
  ✔ paragraph.url renders without error (1017.3172ms)
  ✔ heading.url renders without error (272.8011ms)
  ✔ heading.anchor registers without error (312.2575ms)
  ✔ paragraph.url with empty string throws VALIDATION_ERROR (0.6772ms)
  ✔ heading.anchor with invalid characters throws VALIDATION_ERROR (0.393ms)
  ✔ heading with both url and anchor works independently (159.944ms)
  ✔ rich-paragraph with href renders without error (158.5331ms)
  ✔ mailto: links work with paragraph.url (114.6744ms)
  ✔ multi-column paragraph with url renders without error (174.2295ms)
✔ Phase 8G — Hyperlinks (2221.3243ms)
▶ Phase 8H — Inline Formatting
  ✔ superscript span renders without error (985.4866ms)
  ✔ subscript span renders without error (201.4815ms)
  ✔ mixed super/subscript in same line renders (197.8492ms)
  ✔ letterSpacing on paragraph renders without error (204.4158ms)
  ✔ smallCaps on heading renders without error (218.443ms)
  ✔ invalid verticalAlign throws VALIDATION_ERROR (1.0306ms)
  ✔ negative letterSpacing throws VALIDATION_ERROR (0.4157ms)
  ✔ superscript in multi-page doc renders without error (574.387ms)
✔ Phase 8H — Inline Formatting (2388.7064ms)
▶ Phase 9A — Cryptographic Signatures
  ✔ invisible: true skips visual signature box rendering (1221.6743ms)
  ✔ invisible: true without p12 also skips visual box (204.2909ms)
  ✔ invisible: true without p12 is valid (109.2887ms)
  ✔ signature.invisible must be a boolean (1.4964ms)
  ✔ SIGNATURE_P12_LOAD_FAILED with non-existent absolute path (189.6645ms)
  ✔ SIGNATURE_P12_LOAD_FAILED with relative path (115.7427ms)
  ✔ corrupt P12 bytes cause signing error (154.3323ms)
  ✔ signing with encryption together throws VALIDATION_ERROR (0.7787ms)
  ✔ SIGNATURE_DEP_MISSING when @signpdf/signpdf not installed (170.4401ms)
  ✔ multiple signature fields in document (276.586ms)
✔ Phase 9A — Cryptographic Signatures (2449.2478ms)
▶ Phase 9B — Float Groups
  ✔ float-group with float: left renders without error (695.1195ms)
  ✔ float-group with float: right renders without error (212.3359ms)
  ✔ float-group with mixed content types renders without error (263.2536ms)
  ✔ float-group with custom floatWidth and floatGap renders without error (126.8869ms)
  ✔ float-group with image taller than text renders without error (95.165ms)
  ✔ float-group with image shorter than text renders without error (149.0746ms)
  ✔ float-group in multi-element document renders without error (218.7061ms)
  ✔ float-group with spaceBefore and spaceAfter renders without error (155.5561ms)
  ✔ float-group with empty content throws VALIDATION_ERROR (3.5827ms)
  ✔ float-group with invalid float value throws VALIDATION_ERROR (0.7711ms)
  ✔ float-group with invalid content element type throws VALIDATION_ERROR (0.6827ms)
  ✔ float-group with missing image.src throws VALIDATION_ERROR (0.6219ms)
  ✔ float-group on page break boundary keeps block together (166.5396ms)
✔ Phase 9B — Float Groups (2108.2403ms)
▶ Phase 9C — Font Subsetting
  ✔ minimal text document produces smaller PDF with subsetting (628.9832ms)
  ✔ document with callout includes callout text in subsetting (247.8301ms)
  ✔ document with float-group includes float-group text in subsetting (196.0662ms)
  ✔ document with list includes list item text in subsetting (192.6041ms)
  ✔ subsetting works with toc-entry elements (193.0523ms)
  ✔ subsetting preserves all glyphs needed by document (173.8084ms)
  ✔ rich-paragraph with multiple styles includes all text in subsetting (103.9349ms)
  ✔ header/footer text is included in subsetting (190.288ms)
  ✔ form-field label, placeholder, defaultValue, and options are included in subsetting (188.1417ms)
  ✔ callout title text is included in subsetting (bold variant) (169.0301ms)
  ✔ mixed elements across phases all get text included in subsetting (165.0839ms)
✔ Phase 9C — Font Subsetting (2454.4044ms)
▶ v0.8.3 — SSRF: IPv4-mapped IPv6 bypass
  ✔ blocks mapped IPv4 loopback: [::ffff:127.0.0.1] (2.8706ms)
  ✔ blocks mapped IPv4 loopback (non-1): [::ffff:127.0.0.5] (0.5922ms)
  ✔ blocks mapped IPv4 RFC 1918 (10/8): [::ffff:10.0.0.1] (0.2831ms)
  ✔ blocks mapped IPv4 RFC 1918 (192.168/16): [::ffff:192.168.1.1] (0.3263ms)
  ✔ blocks mapped IPv4 RFC 1918 (172.16/12): [::ffff:172.16.0.1] (0.3397ms)
  ✔ blocks mapped IPv4 link-local / AWS IMDS: [::ffff:169.254.169.254] (0.321ms)
  ✔ blocks mapped IPv4 with uppercase FFFF: [::FFFF:127.0.0.1] (0.25ms)
  ✔ blocks the IPv6 unspecified address :: (0.3273ms)
  ✔ blocks the IPv6 loopback ::1 (regression) (0.2849ms)
  ✔ still allows ordinary public hostnames (0.7588ms)
  ✔ still rejects http:// regardless of host (0.2964ms)
✔ v0.8.3 — SSRF: IPv4-mapped IPv6 bypass (9.1711ms)
▶ v0.9.0 — markdown: GFM tables
  ✔ table with header row and aligned columns produces a TableElement (77.0393ms)
  ✔ table with ragged rows is padded with empty cells (15.3898ms)
✔ v0.9.0 — markdown: GFM tables (309.0891ms)
▶ v0.9.0 — markdown: GFM task lists
  ✔ task list items render with ☑/☐ markers (12.2559ms)
✔ v0.9.0 — markdown: GFM task lists (12.5392ms)
▶ v0.9.0 — CLI
  ✔ --version prints current version (249.6547ms)
  ✔ --help prints usage and exits 0 (210.7854ms)
  ✔ reads JSON from stdin and writes PDF to file (1809.2417ms)
  ✔ reads JSON from file and writes PDF to file (positional args) (1486.5626ms)
  ✔ --markdown converts markdown input to PDF (1412.22ms)
  ✔ invalid JSON input produces exit 1 + clear error (859.4176ms)
  ✔ unknown option exits 1 + suggests --help (100.0455ms)
✔ v0.9.0 — CLI (6129.7805ms)
▶ v0.9.0 — pdfmake compat: fromPdfmake()
  ✔ plain string content becomes paragraph (6.3443ms)
  ✔ text node with style + bold becomes paragraph with fontWeight (3.1503ms)
  ✔ style-named node mapped to heading (default headingMap) (2.109ms)
  ✔ mixed-format text array produces a rich-paragraph (2.176ms)
  ✔ ul / ol become unordered / ordered list (2.1471ms)
  ✔ table { body, widths, headerRows } translates correctly (2.7381ms)
  ✔ image and qr nodes translate (2.0862ms)
  ✔ pageBreak before/after emits page-break around the content (1.7249ms)
  ✔ stack flattens children inline (2.1282ms)
  ✔ document-level pageSize / pageMargins / pageOrientation (2.3ms)
  ✔ translated document renders to a real PDF (1536.6805ms)
✔ v0.9.0 — pdfmake compat: fromPdfmake() (1564.6375ms)
ℹ tests 367
ℹ suites 6
ℹ pass 367
ℹ fail 0
ℹ cancelled 0
ℹ skipped 0
ℹ todo 0
ℹ duration_ms 53593.1703

> pretext-pdf@0.9.1 test:2f
> cross-env NODE_OPTIONS=--max-old-space-size=4096 tsx --test test/phase-2f-stress.test.ts

▶ Block A — Large Document Stress
  ✔ 50-page equivalent document renders without error (8321.2441ms)
  ✔ table with 200 data rows renders without error (1283.5695ms)
  ✔ document using every element type renders without error (358.6855ms)
  ✔ document with long unordered and ordered lists (50 items each) renders without error (1426.5546ms)
  ✔ list with 0 items throws VALIDATION_ERROR (empty array validation) (1.7556ms)
  ✔ rich-paragraph with empty spans throws VALIDATION_ERROR (empty array validation) (0.5655ms)
  ✔ extremely small page size throws PAGE_TOO_SMALL error (margin constraint) (0.6631ms)
  ✔ document with all named page sizes renders without error (430.253ms)
✔ Block A — Large Document Stress (11825.8143ms)
▶ Block B — Edge Case Stress
  ✔ empty content array throws VALIDATION_ERROR (0.6543ms)
  ✔ single zero-height spacer renders without error (37.6781ms)
  ✔ paragraph with empty string renders without error (31.6109ms)
  ✔ paragraph with a single very long word (no whitespace) renders without error (145.7119ms)
  ✔ paragraph with CJK characters renders without error (98.8652ms)
  ✔ paragraph with Arabic and Hebrew renders without error (100.438ms)
  ✔ heading with extreme font size (72pt) renders without error (105.3975ms)
  ✔ paragraph with very small font size (6pt) renders without error (74.8236ms)
  ✔ table with 1 column and 1 cell renders without error (71.1063ms)
  ✔ table with star-width columns renders without error (127.3713ms)
  ✔ HR with zero thickness renders without error (87.5763ms)
  ✔ document with letter spacing near zero renders without error (92.2504ms)
  ✔ document with encryption (copying: false) produces valid PDF (97.4359ms)
  ✔ multiple consecutive page-breaks render without error (82.1999ms)
  ✔ paragraph with whitespace-only text renders without error (edge case) (82.5616ms)
✔ Block B — Edge Case Stress (1237.3596ms)
▶ Block C — Timing Benchmarks
  ✔ 1-page document renders in < 500ms (excluding JIT warm-up) (246.7751ms)
  ✔ 10-page document renders in < 5000ms (1375.9735ms)
  ✔ mixed-element document (heading+paragraph+table+list+hr) renders in < 1000ms (454.1112ms)
✔ Block C — Timing Benchmarks (2083.0556ms)
▶ Block D — Template Smoke Tests
  ✔ invoice-gst template renders successfully (7615.7542ms)
  ✔ invoice-intl template renders successfully (4687.8557ms)
  ✔ report template renders successfully (6482.8456ms)
  ✔ nda template renders successfully (6230.4904ms)
  ✔ meeting-minutes template renders successfully (7022.4899ms)
  ✔ resume template renders successfully (7887.2387ms)
✔ Block D — Template Smoke Tests (39927.3135ms)
ℹ tests 32
ℹ suites 4
ℹ pass 32
ℹ fail 0
ℹ cancelled 0
ℹ skipped 0
ℹ todo 0
ℹ duration_ms 56420.6451
